Timestamp: 2026-09-14T10:17:45+05:30
Job: aethergrid
Ancestors:
  - awwwards-winner-18-com (12-column asymmetric editorial layout, bone/ink palette, micro-labels)
  - awwwards-winner-59-com (pinned scroll-driven spline interpolation, text-scramble, line-mask reveal)
  - awwwards-winner-33-com (high-contrast typography, crisp hairlines, luxury architectural finish)
Signature Move: Dual-Kinematic Hybrid Engine (Deterministic scroll-linked camera spline flight paired with instant 60fps inertial OrbitControls tactical exploration toggle)
Stack: Three.js r128 + GSAP 3.12.5 + ScrollTrigger + OrbitControls + Web Audio API
Verification Status: PASS (Zero unclosed HTML tags, zero JS syntax errors, verified dual-mode kinematics, 12 Iron Invariants respected)
Timestamp: 2026-09-14T10:24:50+05:30
Job: aethergrid-phase1
Ancestors:
  - specimen-macro-chamber (Split 12-column viewport: narrative + proof-of-work exhibit)
  - hellomonday-com (Line-mask reveals, scroll-progress active exhibits, clip-wipes)
  - awwwards-winner-33-com (Clean high-contrast typography, crisp borders, luxury architectural finish)
Signature Move: Split-Viewport Proof-of-Work Engine (Scroll-pinned alongside exhibition slots featuring live screenshot drop-in zones and synchronized 3D camera focal tracking)
Stack: Three.js r128 + GSAP 3.12.5 + ScrollTrigger + OrbitControls + Web Audio API + HTML5 Drag-and-Drop FileReader
Verification Status: PASS (0 unclosed HTML tags, 0 JS syntax errors, verified split-viewport exhibits, 12 Iron Invariants respected)
Timestamp: 2026-09-14T10:30:15+05:30
Job: aethergrid-editorial
Ancestors:
  - awwwards-winner-14-com (12-column asymmetric editorial layout, monumental display typography, borderless media bleeds)
  - hellomonday-com (Line-mask reveals, scrubbed text opacities, velocity transitions)
  - awwwards-winner-33-com (Refined architectural finish, crisp typography, clean ivory canvas)
Signature Move: Direct Scroll-Manifest Engine (Information directly emerges on scroll without chunky container cards, paired with a borderless proof-of-work stage and synchronized 3D camera waypoints)
Stack: Three.js r128 + GSAP 3.12.5 + ScrollTrigger + OrbitControls + Web Audio API + HTML5 Drag-and-Drop FileReader
Verification Status: PASS (0 unclosed HTML tags, 0 JS syntax errors, verified direct editorial layout, 12 Iron Invariants respected)
Timestamp: 2026-09-14T10:39:00+05:30
Job: aethergrid-v4
Ancestors:
  - awwwards-winner-46-com (Horizontal mechanics)
  - awwwards-winner-84-com (Asymmetric editorial layout)
  - awwwards-winner-61-com (Kinematic scrollytelling, velocity skews)
Signature Move: Horizontal Velocity-Skewed Algorithmic Ledger
Stack: Vanilla JS + GSAP 3.12.5 + ScrollTrigger + Lenis
Verification Status: PASS (0 unclosed HTML tags, 0 JS syntax errors, verified DOM scroll kinematics, 12 Iron Invariants respected)
Timestamp: 2026-09-14T10:46:40+05:30
Job: aethergrid-phase1-presentation
Ancestors:
  - aesop-com (Grid-brutal structural precision, academic indexing, numbered marginalia, strict hairline borders)
  - awwwards-winner-46-com (Pinned horizontal comparison ledger, scrubbed translation)
  - hellomonday-com (Staggered line-mask reveals, scrubbed text opacities, zero-lag velocity transitions)
Signature Move: Coupled-Physics Telemetry Scrub
Stack: Vanilla JS + GSAP 3.12.5 + ScrollTrigger + Lenis
Verification Status: PASS (0 unclosed HTML tags, 0 JS syntax errors, verified complete correlation of Aether engineering system, 2 dedicated laboratory screenshot frames, 12 Iron Invariants respected)
